Archive member included to satisfy reference by file (symbol)

c:/st/stm32cubeide_1.1.0/stm32cubeide/plugins/com.st.stm32cube.ide.mcu.externaltools.gnu-tools-for-stm32.7-2018-q2-update.win32_1.5.0.202011040924/tools/bin/../lib/gcc/arm-none-eabi/7.3.1/../../../../arm-none-eabi/lib/thumb/v7e-m/fpv4-sp/hard\libc_nano.a(lib_a-errno.o)
                              Core/Src/syscalls.o (__errno)
c:/st/stm32cubeide_1.1.0/stm32cubeide/plugins/com.st.stm32cube.ide.mcu.externaltools.gnu-tools-for-stm32.7-2018-q2-update.win32_1.5.0.202011040924/tools/bin/../lib/gcc/arm-none-eabi/7.3.1/../../../../arm-none-eabi/lib/thumb/v7e-m/fpv4-sp/hard\libc_nano.a(lib_a-exit.o)
                              c:/st/stm32cubeide_1.1.0/stm32cubeide/plugins/com.st.stm32cube.ide.mcu.externaltools.gnu-tools-for-stm32.7-2018-q2-update.win32_1.5.0.202011040924/tools/bin/../lib/gcc/arm-none-eabi/7.3.1/../../../../arm-none-eabi/lib/thumb/v7e-m/fpv4-sp/hard/crt0.o (exit)
c:/st/stm32cubeide_1.1.0/stm32cubeide/plugins/com.st.stm32cube.ide.mcu.externaltools.gnu-tools-for-stm32.7-2018-q2-update.win32_1.5.0.202011040924/tools/bin/../lib/gcc/arm-none-eabi/7.3.1/../../../../arm-none-eabi/lib/thumb/v7e-m/fpv4-sp/hard\libc_nano.a(lib_a-impure.o)
                              c:/st/stm32cubeide_1.1.0/stm32cubeide/plugins/com.st.stm32cube.ide.mcu.externaltools.gnu-tools-for-stm32.7-2018-q2-update.win32_1.5.0.202011040924/tools/bin/../lib/gcc/arm-none-eabi/7.3.1/../../../../arm-none-eabi/lib/thumb/v7e-m/fpv4-sp/hard\libc_nano.a(lib_a-exit.o) (_global_impure_ptr)
c:/st/stm32cubeide_1.1.0/stm32cubeide/plugins/com.st.stm32cube.ide.mcu.externaltools.gnu-tools-for-stm32.7-2018-q2-update.win32_1.5.0.202011040924/tools/bin/../lib/gcc/arm-none-eabi/7.3.1/../../../../arm-none-eabi/lib/thumb/v7e-m/fpv4-sp/hard\libc_nano.a(lib_a-init.o)
                              c:/st/stm32cubeide_1.1.0/stm32cubeide/plugins/com.st.stm32cube.ide.mcu.externaltools.gnu-tools-for-stm32.7-2018-q2-update.win32_1.5.0.202011040924/tools/bin/../lib/gcc/arm-none-eabi/7.3.1/../../../../arm-none-eabi/lib/thumb/v7e-m/fpv4-sp/hard/crt0.o (__libc_init_array)
c:/st/stm32cubeide_1.1.0/stm32cubeide/plugins/com.st.stm32cube.ide.mcu.externaltools.gnu-tools-for-stm32.7-2018-q2-update.win32_1.5.0.202011040924/tools/bin/../lib/gcc/arm-none-eabi/7.3.1/../../../../arm-none-eabi/lib/thumb/v7e-m/fpv4-sp/hard\libc_nano.a(lib_a-malloc.o)
                              Middlewares/ST/STM32_USB_Host_Library/Class/CDC/Src/usbh_cdc.o (malloc)
c:/st/stm32cubeide_1.1.0/stm32cubeide/plugins/com.st.stm32cube.ide.mcu.externaltools.gnu-tools-for-stm32.7-2018-q2-update.win32_1.5.0.202011040924/tools/bin/../lib/gcc/arm-none-eabi/7.3.1/../../../../arm-none-eabi/lib/thumb/v7e-m/fpv4-sp/hard\libc_nano.a(lib_a-memset.o)
                              c:/st/stm32cubeide_1.1.0/stm32cubeide/plugins/com.st.stm32cube.ide.mcu.externaltools.gnu-tools-for-stm32.7-2018-q2-update.win32_1.5.0.202011040924/tools/bin/../lib/gcc/arm-none-eabi/7.3.1/../../../../arm-none-eabi/lib/thumb/v7e-m/fpv4-sp/hard/crt0.o (memset)
c:/st/stm32cubeide_1.1.0/stm32cubeide/plugins/com.st.stm32cube.ide.mcu.externaltools.gnu-tools-for-stm32.7-2018-q2-update.win32_1.5.0.202011040924/tools/bin/../lib/gcc/arm-none-eabi/7.3.1/../../../../arm-none-eabi/lib/thumb/v7e-m/fpv4-sp/hard\libc_nano.a(lib_a-nano-freer.o)
                              c:/st/stm32cubeide_1.1.0/stm32cubeide/plugins/com.st.stm32cube.ide.mcu.externaltools.gnu-tools-for-stm32.7-2018-q2-update.win32_1.5.0.202011040924/tools/bin/../lib/gcc/arm-none-eabi/7.3.1/../../../../arm-none-eabi/lib/thumb/v7e-m/fpv4-sp/hard\libc_nano.a(lib_a-malloc.o) (_free_r)
c:/st/stm32cubeide_1.1.0/stm32cubeide/plugins/com.st.stm32cube.ide.mcu.externaltools.gnu-tools-for-stm32.7-2018-q2-update.win32_1.5.0.202011040924/tools/bin/../lib/gcc/arm-none-eabi/7.3.1/../../../../arm-none-eabi/lib/thumb/v7e-m/fpv4-sp/hard\libc_nano.a(lib_a-nano-mallocr.o)
                              c:/st/stm32cubeide_1.1.0/stm32cubeide/plugins/com.st.stm32cube.ide.mcu.externaltools.gnu-tools-for-stm32.7-2018-q2-update.win32_1.5.0.202011040924/tools/bin/../lib/gcc/arm-none-eabi/7.3.1/../../../../arm-none-eabi/lib/thumb/v7e-m/fpv4-sp/hard\libc_nano.a(lib_a-malloc.o) (_malloc_r)
c:/st/stm32cubeide_1.1.0/stm32cubeide/plugins/com.st.stm32cube.ide.mcu.externaltools.gnu-tools-for-stm32.7-2018-q2-update.win32_1.5.0.202011040924/tools/bin/../lib/gcc/arm-none-eabi/7.3.1/../../../../arm-none-eabi/lib/thumb/v7e-m/fpv4-sp/hard\libc_nano.a(lib_a-sbrkr.o)
                              c:/st/stm32cubeide_1.1.0/stm32cubeide/plugins/com.st.stm32cube.ide.mcu.externaltools.gnu-tools-for-stm32.7-2018-q2-update.win32_1.5.0.202011040924/tools/bin/../lib/gcc/arm-none-eabi/7.3.1/../../../../arm-none-eabi/lib/thumb/v7e-m/fpv4-sp/hard\libc_nano.a(lib_a-nano-mallocr.o) (_sbrk_r)
[...]
Memory Configuration

Name             Origin             Length             Attributes
RAM              0x0000000020000000 0x0000000000020000 xrw
FLASH            0x0000000008000000 0x0000000000080000 xr
*default*        0x0000000000000000 0xffffffffffffffff

Linker script and memory map

LOAD c:/st/stm32cubeide_1.1.0/stm32cubeide/plugins/com.st.stm32cube.ide.mcu.externaltools.gnu-tools-for-stm32.7-2018-q2-update.win32_1.5.0.202011040924/tools/bin/../lib/gcc/arm-none-eabi/7.3.1/thumb/v7e-m/fpv4-sp/hard/crti.o
LOAD c:/st/stm32cubeide_1.1.0/stm32cubeide/plugins/com.st.stm32cube.ide.mcu.externaltools.gnu-tools-for-stm32.7-2018-q2-update.win32_1.5.0.202011040924/tools/bin/../lib/gcc/arm-none-eabi/7.3.1/thumb/v7e-m/fpv4-sp/hard/crtbegin.o
LOAD c:/st/stm32cubeide_1.1.0/stm32cubeide/plugins/com.st.stm32cube.ide.mcu.externaltools.gnu-tools-for-stm32.7-2018-q2-update.win32_1.5.0.202011040924/tools/bin/../lib/gcc/arm-none-eabi/7.3.1/../../../../arm-none-eabi/lib/thumb/v7e-m/fpv4-sp/hard/crt0.o
LOAD Core/Src/gpio.o
LOAD Core/Src/i2c.o
LOAD Core/Src/i2s.o
LOAD Core/Src/main.o
LOAD Core/Src/spi.o
LOAD Core/Src/stm32f4xx_hal_msp.o
LOAD Core/Src/stm32f4xx_it.o
LOAD Core/Src/syscalls.o
LOAD Core/Src/sysmem.o
LOAD Core/Src/system_stm32f4xx.o
LOAD Core/Startup/startup_stm32f411vetx.o
LOAD Drivers/STM32F4xx_HAL_Driver/Src/stm32f4xx_hal.o
LOAD Drivers/STM32F4xx_HAL_Driver/Src/stm32f4xx_hal_cortex.o
LOAD Drivers/STM32F4xx_HAL_Driver/Src/stm32f4xx_hal_dma.o
LOAD Drivers/STM32F4xx_HAL_Driver/Src/stm32f4xx_hal_dma_ex.o
LOAD Drivers/STM32F4xx_HAL_Driver/Src/stm32f4xx_hal_exti.o
LOAD Drivers/STM32F4xx_HAL_Driver/Src/stm32f4xx_hal_flash.o
LOAD Drivers/STM32F4xx_HAL_Driver/Src/stm32f4xx_hal_flash_ex.o
LOAD Drivers/STM32F4xx_HAL_Driver/Src/stm32f4xx_hal_flash_ramfunc.o
LOAD Drivers/STM32F4xx_HAL_Driver/Src/stm32f4xx_hal_gpio.o
LOAD Drivers/STM32F4xx_HAL_Driver/Src/stm32f4xx_hal_hcd.o
LOAD Drivers/STM32F4xx_HAL_Driver/Src/stm32f4xx_hal_i2c.o
LOAD Drivers/STM32F4xx_HAL_Driver/Src/stm32f4xx_hal_i2c_ex.o
LOAD Drivers/STM32F4xx_HAL_Driver/Src/stm32f4xx_hal_i2s.o
LOAD Drivers/STM32F4xx_HAL_Driver/Src/stm32f4xx_hal_i2s_ex.o
LOAD Drivers/STM32F4xx_HAL_Driver/Src/stm32f4xx_hal_pwr.o
LOAD Drivers/STM32F4xx_HAL_Driver/Src/stm32f4xx_hal_pwr_ex.o
LOAD Drivers/STM32F4xx_HAL_Driver/Src/stm32f4xx_hal_rcc.o
LOAD Drivers/STM32F4xx_HAL_Driver/Src/stm32f4xx_hal_rcc_ex.o
LOAD Drivers/STM32F4xx_HAL_Driver/Src/stm32f4xx_hal_spi.o
LOAD Drivers/STM32F4xx_HAL_Driver/Src/stm32f4xx_hal_tim.o
LOAD Drivers/STM32F4xx_HAL_Driver/Src/stm32f4xx_hal_tim_ex.o
LOAD Drivers/STM32F4xx_HAL_Driver/Src/stm32f4xx_ll_usb.o
LOAD Middlewares/ST/STM32_USB_Host_Library/Class/CDC/Src/usbh_cdc.o
LOAD Middlewares/ST/STM32_USB_Host_Library/Core/Src/usbh_core.o
LOAD Middlewares/ST/STM32_USB_Host_Library/Core/Src/usbh_ctlreq.o
LOAD Middlewares/ST/STM32_USB_Host_Library/Core/Src/usbh_ioreq.o
LOAD Middlewares/ST/STM32_USB_Host_Library/Core/Src/usbh_pipes.o
LOAD USB_HOST/App/usb_host.o
LOAD USB_HOST/Target/usbh_conf.o
LOAD USB_HOST/Target/usbh_platform.o
START GROUP
LOAD c:/st/stm32cubeide_1.1.0/stm32cubeide/plugins/com.st.stm32cube.ide.mcu.externaltools.gnu-tools-for-stm32.7-2018-q2-update.win32_1.5.0.202011040924/tools/bin/../lib/gcc/arm-none-eabi/7.3.1/../../../../arm-none-eabi/lib/thumb/v7e-m/fpv4-sp/hard\libc_nano.a
LOAD c:/st/stm32cubeide_1.1.0/stm32cubeide/plugins/com.st.stm32cube.ide.mcu.externaltools.gnu-tools-for-stm32.7-2018-q2-update.win32_1.5.0.202011040924/tools/bin/../lib/gcc/arm-none-eabi/7.3.1/../../../../arm-none-eabi/lib/thumb/v7e-m/fpv4-sp/hard\libm.a
END GROUP
START GROUP
LOAD c:/st/stm32cubeide_1.1.0/stm32cubeide/plugins/com.st.stm32cube.ide.mcu.externaltools.gnu-tools-for-stm32.7-2018-q2-update.win32_1.5.0.202011040924/tools/bin/../lib/gcc/arm-none-eabi/7.3.1/thumb/v7e-m/fpv4-sp/hard\libgcc.a
LOAD c:/st/stm32cubeide_1.1.0/stm32cubeide/plugins/com.st.stm32cube.ide.mcu.externaltools.gnu-tools-for-stm32.7-2018-q2-update.win32_1.5.0.202011040924/tools/bin/../lib/gcc/arm-none-eabi/7.3.1/../../../../arm-none-eabi/lib/thumb/v7e-m/fpv4-sp/hard\libc_nano.a
END GROUP
START GROUP
LOAD c:/st/stm32cubeide_1.1.0/stm32cubeide/plugins/com.st.stm32cube.ide.mcu.externaltools.gnu-tools-for-stm32.7-2018-q2-update.win32_1.5.0.202011040924/tools/bin/../lib/gcc/arm-none-eabi/7.3.1/thumb/v7e-m/fpv4-sp/hard\libgcc.a
LOAD c:/st/stm32cubeide_1.1.0/stm32cubeide/plugins/com.st.stm32cube.ide.mcu.externaltools.gnu-tools-for-stm32.7-2018-q2-update.win32_1.5.0.202011040924/tools/bin/../lib/gcc/arm-none-eabi/7.3.1/../../../../arm-none-eabi/lib/thumb/v7e-m/fpv4-sp/hard\libc_nano.a
LOAD c:/st/stm32cubeide_1.1.0/stm32cubeide/plugins/com.st.stm32cube.ide.mcu.externaltools.gnu-tools-for-stm32.7-2018-q2-update.win32_1.5.0.202011040924/tools/bin/../lib/gcc/arm-none-eabi/7.3.1/../../../../arm-none-eabi/lib/thumb/v7e-m/fpv4-sp/hard\libnosys.a
END GROUP
START GROUP
LOAD c:/st/stm32cubeide_1.1.0/stm32cubeide/plugins/com.st.stm32cube.ide.mcu.externaltools.gnu-tools-for-stm32.7-2018-q2-update.win32_1.5.0.202011040924/tools/bin/../lib/gcc/arm-none-eabi/7.3.1/thumb/v7e-m/fpv4-sp/hard\libgcc.a
LOAD c:/st/stm32cubeide_1.1.0/stm32cubeide/plugins/com.st.stm32cube.ide.mcu.externaltools.gnu-tools-for-stm32.7-2018-q2-update.win32_1.5.0.202011040924/tools/bin/../lib/gcc/arm-none-eabi/7.3.1/../../../../arm-none-eabi/lib/thumb/v7e-m/fpv4-sp/hard\libc_nano.a
LOAD c:/st/stm32cubeide_1.1.0/stm32cubeide/plugins/com.st.stm32cube.ide.mcu.externaltools.gnu-tools-for-stm32.7-2018-q2-update.win32_1.5.0.202011040924/tools/bin/../lib/gcc/arm-none-eabi/7.3.1/../../../../arm-none-eabi/lib/thumb/v7e-m/fpv4-sp/hard\libnosys.a
END GROUP
LOAD c:/st/stm32cubeide_1.1.0/stm32cubeide/plugins/com.st.stm32cube.ide.mcu.externaltools.gnu-tools-for-stm32.7-2018-q2-update.win32_1.5.0.202011040924/tools/bin/../lib/gcc/arm-none-eabi/7.3.1/thumb/v7e-m/fpv4-sp/hard/crtend.o
LOAD c:/st/stm32cubeide_1.1.0/stm32cubeide/plugins/com.st.stm32cube.ide.mcu.externaltools.gnu-tools-for-stm32.7-2018-q2-update.win32_1.5.0.202011040924/tools/bin/../lib/gcc/arm-none-eabi/7.3.1/thumb/v7e-m/fpv4-sp/hard/crtn.o
                0x0000000020020000                _estack = (ORIGIN (RAM) + LENGTH (RAM))
                0x0000000000000200                _Min_Heap_Size = 0x200
                0x0000000000000400                _Min_Stack_Size = 0x400

.isr_vector     0x0000000008000000      0x198
                0x0000000008000000                . = ALIGN (0x4)
 *(.isr_vector)
 .isr_vector    0x0000000008000000      0x198 Core/Startup/startup_stm32f411vetx.o
                0x0000000008000000                g_pfnVectors
                0x0000000008000198                . = ALIGN (0x4)

.text           0x0000000008000198     0x30e0
                0x0000000008000198                . = ALIGN (0x4)
 *(.text)
 .text          0x0000000008000198       0x40 c:/st/stm32cubeide_1.1.0/stm32cubeide/plugins/com.st.stm32cube.ide.mcu.externaltools.gnu-tools-for-stm32.7-2018-q2-update.win32_1.5.0.202011040924/tools/bin/../lib/gcc/arm-none-eabi/7.3.1/thumb/v7e-m/fpv4-sp/hard/crtbegin.o
 .text          0x00000000080001d8       0x30 c:/st/stm32cubeide_1.1.0/stm32cubeide/plugins/com.st.stm32cube.ide.mcu.externaltools.gnu-tools-for-stm32.7-2018-q2-update.win32_1.5.0.202011040924/tools/bin/../lib/gcc/arm-none-eabi/7.3.1/thumb/v7e-m/fpv4-sp/hard\libgcc.a(_aeabi_uldivmod.o)
                0x00000000080001d8                __aeabi_uldivmod
 .text          0x0000000008000208      0x2cc c:/st/stm32cubeide_1.1.0/stm32cubeide/plugins/com.st.stm32cube.ide.mcu.externaltools.gnu-tools-for-stm32.7-2018-q2-update.win32_1.5.0.202011040924/tools/bin/../lib/gcc/arm-none-eabi/7.3.1/thumb/v7e-m/fpv4-sp/hard\libgcc.a(_udivmoddi4.o)
                0x0000000008000208                __udivmoddi4
 .text          0x00000000080004d4        0x4 c:/st/stm32cubeide_1.1.0/stm32cubeide/plugins/com.st.stm32cube.ide.mcu.externaltools.gnu-tools-for-stm32.7-2018-q2-update.win32_1.5.0.202011040924/tools/bin/../lib/gcc/arm-none-eabi/7.3.1/thumb/v7e-m/fpv4-sp/hard\libgcc.a(_dvmd_tls.o)
                0x00000000080004d4                __aeabi_idiv0
                0x00000000080004d4                __aeabi_ldiv0
 *(.text*)
 .text.MX_GPIO_Init
                0x00000000080004d8      0x1b4 Core/Src/gpio.o
                0x00000000080004d8                MX_GPIO_Init
 .text.main     0x000000000800068c       0x28 Core/Src/main.o
                0x000000000800068c                main
 .text.SystemClock_Config
                0x00000000080006b4       0xd0 Core/Src/main.o
                0x00000000080006b4                SystemClock_Config
 .text.Error_Handler
                0x0000000008000784        0x8 Core/Src/main.o
                0x0000000008000784                Error_Handler
 .text.HAL_MspInit
                0x000000000800078c       0x50 Core/Src/stm32f4xx_hal_msp.o
                0x000000000800078c                HAL_MspInit
 .text.NMI_Handler
                0x00000000080007dc        0x6 Core/Src/stm32f4xx_it.o
                0x00000000080007dc                NMI_Handler
 .text.HardFault_Handler
                0x00000000080007e2        0x6 Core/Src/stm32f4xx_it.o
                0x00000000080007e2                HardFault_Handler
 .text.MemManage_Handler
                0x00000000080007e8        0x6 Core/Src/stm32f4xx_it.o
                0x00000000080007e8                MemManage_Handler
 .text.BusFault_Handler
                0x00000000080007ee        0x6 Core/Src/stm32f4xx_it.o
                0x00000000080007ee                BusFault_Handler
 .text.UsageFault_Handler
                0x00000000080007f4        0x6 Core/Src/stm32f4xx_it.o
                0x00000000080007f4                UsageFault_Handler
 .text.SVC_Handler
                0x00000000080007fa        0xe Core/Src/stm32f4xx_it.o
                0x00000000080007fa                SVC_Handler
 .text.DebugMon_Handler
                0x0000000008000808        0xe Core/Src/stm32f4xx_it.o
                0x0000000008000808                DebugMon_Handler
 .text.PendSV_Handler
                0x0000000008000816        0xe Core/Src/stm32f4xx_it.o
                0x0000000008000816                PendSV_Handler
 .text.SysTick_Handler
                0x0000000008000824        0xc Core/Src/stm32f4xx_it.o
                0x0000000008000824                SysTick_Handler
 .text.OTG_FS_IRQHandler
                0x0000000008000830       0x14 Core/Src/stm32f4xx_it.o
                0x0000000008000830                OTG_FS_IRQHandler
 .text.SystemInit
                0x0000000008000844       0x24 Core/Src/system_stm32f4xx.o
                0x0000000008000844                SystemInit
 .text.Reset_Handler
                0x0000000008000868       0x50 Core/Startup/startup_stm32f411vetx.o
                0x0000000008000868                Reset_Handler
 .text.Default_Handler
                0x00000000080008b8        0x2 Core/Startup/startup_stm32f411vetx.o
                0x00000000080008b8                RTC_Alarm_IRQHandler
                0x00000000080008b8                EXTI2_IRQHandler
                0x00000000080008b8                SPI4_IRQHandler
                0x00000000080008b8                TIM1_CC_IRQHandler
                0x00000000080008b8                DMA2_Stream5_IRQHandler
                0x00000000080008b8                DMA1_Stream5_IRQHandler
                0x00000000080008b8                PVD_IRQHandler
                0x00000000080008b8                SDIO_IRQHandler
                0x00000000080008b8                TAMP_STAMP_IRQHandler
                0x00000000080008b8                EXTI3_IRQHandler
                0x00000000080008b8                TIM1_UP_TIM10_IRQHandler
                0x00000000080008b8                I2C3_ER_IRQHandler
                0x00000000080008b8                EXTI0_IRQHandler
                0x00000000080008b8                I2C2_EV_IRQHandler
                0x00000000080008b8                DMA1_Stream2_IRQHandler
                0x00000000080008b8                FPU_IRQHandler
                0x00000000080008b8                DMA2_Stream2_IRQHandler
                0x00000000080008b8                SPI1_IRQHandler
                0x00000000080008b8                TIM1_BRK_TIM9_IRQHandler
                0x00000000080008b8                DMA2_Stream3_IRQHandler
                0x00000000080008b8                USART6_IRQHandler
                0x00000000080008b8                DMA2_Stream0_IRQHandler
                0x00000000080008b8                TIM4_IRQHandler
                0x00000000080008b8                I2C1_EV_IRQHandler
                0x00000000080008b8                DMA1_Stream6_IRQHandler
                0x00000000080008b8                DMA1_Stream1_IRQHandler
                0x00000000080008b8                TIM3_IRQHandler
                0x00000000080008b8                RCC_IRQHandler
                0x00000000080008b8                Default_Handler
                0x00000000080008b8                EXTI15_10_IRQHandler
                0x00000000080008b8                ADC_IRQHandler
                0x00000000080008b8                DMA1_Stream7_IRQHandler
                0x00000000080008b8                SPI5_IRQHandler
                0x00000000080008b8                TIM5_IRQHandler
                0x00000000080008b8                DMA2_Stream7_IRQHandler
                0x00000000080008b8                I2C3_EV_IRQHandler
                0x00000000080008b8                EXTI9_5_IRQHandler
                0x00000000080008b8                RTC_WKUP_IRQHandler
                0x00000000080008b8                SPI2_IRQHandler
                0x00000000080008b8                DMA1_Stream0_IRQHandler
                0x00000000080008b8                EXTI4_IRQHandler
                0x00000000080008b8                WWDG_IRQHandler
                0x00000000080008b8                TIM2_IRQHandler
                0x00000000080008b8                OTG_FS_WKUP_IRQHandler
                0x00000000080008b8                TIM1_TRG_COM_TIM11_IRQHandler
                0x00000000080008b8                EXTI1_IRQHandler
                0x00000000080008b8                USART2_IRQHandler
                0x00000000080008b8                I2C2_ER_IRQHandler
                0x00000000080008b8                DMA2_Stream1_IRQHandler
                0x00000000080008b8                FLASH_IRQHandler
                0x00000000080008b8                DMA2_Stream4_IRQHandler
                0x00000000080008b8                USART1_IRQHandler
                0x00000000080008b8                SPI3_IRQHandler
                0x00000000080008b8                DMA1_Stream4_IRQHandler
                0x00000000080008b8                I2C1_ER_IRQHandler
                0x00000000080008b8                DMA2_Stream6_IRQHandler
                0x00000000080008b8                DMA1_Stream3_IRQHandler
 *fill*         0x00000000080008ba        0x2 
 .text.HAL_Init
                0x00000000080008bc       0x44 Drivers/STM32F4xx_HAL_Driver/Src/stm32f4xx_hal.o
                0x00000000080008bc                HAL_Init
 .text.HAL_InitTick
                0x0000000008000900       0x60 Drivers/STM32F4xx_HAL_Driver/Src/stm32f4xx_hal.o
                0x0000000008000900                HAL_InitTick
 .text.HAL_IncTick
                0x0000000008000960       0x28 Drivers/STM32F4xx_HAL_Driver/Src/stm32f4xx_hal.o
                0x0000000008000960                HAL_IncTick
 .text.HAL_GetTick
                0x0000000008000988       0x18 Drivers/STM32F4xx_HAL_Driver/Src/stm32f4xx_hal.o
                0x0000000008000988                HAL_GetTick
 .text.HAL_Delay
                0x00000000080009a0       0x44 Drivers/STM32F4xx_HAL_Driver/Src/stm32f4xx_hal.o
                0x00000000080009a0                HAL_Delay
 .text.__NVIC_SetPriorityGrouping
                0x00000000080009e4       0x48 Drivers/STM32F4xx_HAL_Driver/Src/stm32f4xx_hal_cortex.o
 .text.__NVIC_GetPriorityGrouping
                0x0000000008000a2c       0x1c Drivers/STM32F4xx_HAL_Driver/Src/stm32f4xx_hal_cortex.o
 .text.__NVIC_SetPriority
                0x0000000008000a48       0x54 Drivers/STM32F4xx_HAL_Driver/Src/stm32f4xx_hal_cortex.o
 .text.NVIC_EncodePriority
                0x0000000008000a9c       0x66 Drivers/STM32F4xx_HAL_Driver/Src/stm32f4xx_hal_cortex.o
 *fill*         0x0000000008000b02        0x2 
 .text.SysTick_Config
                0x0000000008000b04       0x44 Drivers/STM32F4xx_HAL_Driver/Src/stm32f4xx_hal_cortex.o
 .text.HAL_NVIC_SetPriorityGrouping
                0x0000000008000b48       0x16 Drivers/STM32F4xx_HAL_Driver/Src/stm32f4xx_hal_cortex.o
                0x0000000008000b48                HAL_NVIC_SetPriorityGrouping
 .text.HAL_NVIC_SetPriority
                0x0000000008000b5e       0x38 Drivers/STM32F4xx_HAL_Driver/Src/stm32f4xx_hal_cortex.o
                0x0000000008000b5e                HAL_NVIC_SetPriority
 .text.HAL_SYSTICK_Config
                0x0000000008000b96       0x18 Drivers/STM32F4xx_HAL_Driver/Src/stm32f4xx_hal_cortex.o
                0x0000000008000b96                HAL_SYSTICK_Config
 *fill*         0x0000000008000bae        0x2 
 .text.HAL_GPIO_Init
                0x0000000008000bb0      0x304 Drivers/STM32F4xx_HAL_Driver/Src/stm32f4xx_hal_gpio.o
                0x0000000008000bb0                HAL_GPIO_Init
 .text.HAL_GPIO_WritePin
                0x0000000008000eb4       0x32 Drivers/STM32F4xx_HAL_Driver/Src/stm32f4xx_hal_gpio.o
                0x0000000008000eb4                HAL_GPIO_WritePin
 .text.HAL_GPIO_TogglePin
                0x0000000008000ee6       0x34 Drivers/STM32F4xx_HAL_Driver/Src/stm32f4xx_hal_gpio.o
                0x0000000008000ee6                HAL_GPIO_TogglePin
 .text.HAL_HCD_IRQHandler
                0x0000000008000f1a      0x216 Drivers/STM32F4xx_HAL_Driver/Src/stm32f4xx_hal_hcd.o
                0x0000000008000f1a                HAL_HCD_IRQHandler
 .text.HAL_HCD_Stop
                0x0000000008001130       0x3a Drivers/STM32F4xx_HAL_Driver/Src/stm32f4xx_hal_hcd.o
                0x0000000008001130                HAL_HCD_Stop
 .text.HCD_HC_IN_IRQHandler
                0x000000000800116a      0x6ae Drivers/STM32F4xx_HAL_Driver/Src/stm32f4xx_hal_hcd.o
 .text.HCD_HC_OUT_IRQHandler
                0x0000000008001818      0x6d6 Drivers/STM32F4xx_HAL_Driver/Src/stm32f4xx_hal_hcd.o
 .text.HCD_RXQLVL_IRQHandler
                0x0000000008001eee      0x1a2 Drivers/STM32F4xx_HAL_Driver/Src/stm32f4xx_hal_hcd.o
 .text.HCD_Port_IRQHandler
                0x0000000008002090       0xe6 Drivers/STM32F4xx_HAL_Driver/Src/stm32f4xx_hal_hcd.o
 *fill*         0x0000000008002176        0x2 
 .text.HAL_RCC_OscConfig
                0x0000000008002178      0x4f0 Drivers/STM32F4xx_HAL_Driver/Src/stm32f4xx_hal_rcc.o
                0x0000000008002178                HAL_RCC_OscConfig
 .text.HAL_RCC_ClockConfig
                0x0000000008002668      0x1cc Drivers/STM32F4xx_HAL_Driver/Src/stm32f4xx_hal_rcc.o
                0x0000000008002668                HAL_RCC_ClockConfig
 .text.HAL_RCC_GetSysClockFreq
                0x0000000008002834      0x1b0 Drivers/STM32F4xx_HAL_Driver/Src/stm32f4xx_hal_rcc.o
                0x0000000008002834                HAL_RCC_GetSysClockFreq
 .text.USB_EnableGlobalInt
                0x00000000080029e4       0x22 Drivers/STM32F4xx_HAL_Driver/Src/stm32f4xx_ll_usb.o
                0x00000000080029e4                USB_EnableGlobalInt
 .text.USB_DisableGlobalInt
                0x0000000008002a06       0x22 Drivers/STM32F4xx_HAL_Driver/Src/stm32f4xx_ll_usb.o
                0x0000000008002a06                USB_DisableGlobalInt
 .text.USB_FlushTxFifo
                0x0000000008002a28       0x68 Drivers/STM32F4xx_HAL_Driver/Src/stm32f4xx_ll_usb.o
                0x0000000008002a28                USB_FlushTxFifo
 .text.USB_FlushRxFifo
                0x0000000008002a90       0x60 Drivers/STM32F4xx_HAL_Driver/Src/stm32f4xx_ll_usb.o
                0x0000000008002a90                USB_FlushRxFifo
 .text.USB_ReadPacket
                0x0000000008002af0       0xb0 Drivers/STM32F4xx_HAL_Driver/Src/stm32f4xx_ll_usb.o
                0x0000000008002af0                USB_ReadPacket
 .text.USB_ReadInterrupts
                0x0000000008002ba0       0x26 Drivers/STM32F4xx_HAL_Driver/Src/stm32f4xx_ll_usb.o
                0x0000000008002ba0                USB_ReadInterrupts
 .text.USB_GetMode
                0x0000000008002bc6       0x1c Drivers/STM32F4xx_HAL_Driver/Src/stm32f4xx_ll_usb.o
                0x0000000008002bc6                USB_GetMode
 .text.USB_InitFSLSPClkSel
                0x0000000008002be2       0x74 Drivers/STM32F4xx_HAL_Driver/Src/stm32f4xx_ll_usb.o
                0x0000000008002be2                USB_InitFSLSPClkSel
 .text.USB_HC_ReadInterrupt
                0x0000000008002c56       0x22 Drivers/STM32F4xx_HAL_Driver/Src/stm32f4xx_ll_usb.o
                0x0000000008002c56                USB_HC_ReadInterrupt
 .text.USB_HC_Halt
                0x0000000008002c78      0x1f8 Drivers/STM32F4xx_HAL_Driver/Src/stm32f4xx_ll_usb.o
                0x0000000008002c78                USB_HC_Halt
 .text.USB_StopHost
                0x0000000008002e70      0x124 Drivers/STM32F4xx_HAL_Driver/Src/stm32f4xx_ll_usb.o
                0x0000000008002e70                USB_StopHost
 .text.USBH_LL_IncTimer
                0x0000000008002f94       0x24 Middlewares/ST/STM32_USB_Host_Library/Core/Src/usbh_core.o
                0x0000000008002f94                USBH_LL_IncTimer
 .text.USBH_HandleSof
                0x0000000008002fb8       0x30 Middlewares/ST/STM32_USB_Host_Library/Core/Src/usbh_core.o
 .text.USBH_LL_PortEnabled
                0x0000000008002fe8       0x1c Middlewares/ST/STM32_USB_Host_Library/Core/Src/usbh_core.o
                0x0000000008002fe8                USBH_LL_PortEnabled
 .text.USBH_LL_PortDisabled
                0x0000000008003004       0x1c Middlewares/ST/STM32_USB_Host_Library/Core/Src/usbh_core.o
                0x0000000008003004                USBH_LL_PortDisabled
 .text.USBH_LL_Connect
                0x0000000008003020       0x2e Middlewares/ST/STM32_USB_Host_Library/Core/Src/usbh_core.o
                0x0000000008003020                USBH_LL_Connect
 .text.USBH_LL_Disconnect
                0x000000000800304e       0x48 Middlewares/ST/STM32_USB_Host_Library/Core/Src/usbh_core.o
                0x000000000800304e                USBH_LL_Disconnect
 .text.USBH_FreePipe
                0x0000000008003096       0x3c Middlewares/ST/STM32_USB_Host_Library/Core/Src/usbh_pipes.o
                0x0000000008003096                USBH_FreePipe
 .text.HAL_HCD_SOF_Callback
                0x00000000080030d2       0x1c USB_HOST/Target/usbh_conf.o
                0x00000000080030d2                HAL_HCD_SOF_Callback
 .text.HAL_HCD_Connect_Callback
                0x00000000080030ee       0x1c USB_HOST/Target/usbh_conf.o
                0x00000000080030ee                HAL_HCD_Connect_Callback
 .text.HAL_HCD_Disconnect_Callback
                0x000000000800310a       0x1c USB_HOST/Target/usbh_conf.o
                0x000000000800310a                HAL_HCD_Disconnect_Callback
 .text.HAL_HCD_HC_NotifyURBChange_Callback
                0x0000000008003126       0x1c USB_HOST/Target/usbh_conf.o
                0x0000000008003126                HAL_HCD_HC_NotifyURBChange_Callback
 .text.HAL_HCD_PortEnabled_Callback
                0x0000000008003142       0x1c USB_HOST/Target/usbh_conf.o
                0x0000000008003142                HAL_HCD_PortEnabled_Callback
 .text.HAL_HCD_PortDisabled_Callback
                0x000000000800315e       0x1c USB_HOST/Target/usbh_conf.o
                0x000000000800315e                HAL_HCD_PortDisabled_Callback
 .text.USBH_LL_Stop
                0x000000000800317a       0x36 USB_HOST/Target/usbh_conf.o
                0x000000000800317a                USBH_LL_Stop
 .text.USBH_Get_USB_Status
                0x00000000080031b0       0x58 USB_HOST/Target/usbh_conf.o
                0x00000000080031b0                USBH_Get_USB_Status
 .text.__libc_init_array
                0x0000000008003208       0x48 c:/st/stm32cubeide_1.1.0/stm32cubeide/plugins/com.st.stm32cube.ide.mcu.externaltools.gnu-tools-for-stm32.7-2018-q2-update.win32_1.5.0.202011040924/tools/bin/../lib/gcc/arm-none-eabi/7.3.1/../../../../arm-none-eabi/lib/thumb/v7e-m/fpv4-sp/hard\libc_nano.a(lib_a-init.o)
                0x0000000008003208                __libc_init_array
 .text.memset   0x0000000008003250       0x10 c:/st/stm32cubeide_1.1.0/stm32cubeide/plugins/com.st.stm32cube.ide.mcu.externaltools.gnu-tools-for-stm32.7-2018-q2-update.win32_1.5.0.202011040924/tools/bin/../lib/gcc/arm-none-eabi/7.3.1/../../../../arm-none-eabi/lib/thumb/v7e-m/fpv4-sp/hard\libc_nano.a(lib_a-memset.o)
                0x0000000008003250                memset
 *(.glue_7)
 .glue_7        0x0000000008003260        0x0 linker stubs
 *(.glue_7t)
 .glue_7t       0x0000000008003260        0x0 linker stubs
 *(.eh_frame)
 .eh_frame      0x0000000008003260        0x0 c:/st/stm32cubeide_1.1.0/stm32cubeide/plugins/com.st.stm32cube.ide.mcu.externaltools.gnu-tools-for-stm32.7-2018-q2-update.win32_1.5.0.202011040924/tools/bin/../lib/gcc/arm-none-eabi/7.3.1/thumb/v7e-m/fpv4-sp/hard/crtbegin.o
 *(.init)
 .init          0x0000000008003260        0x4 c:/st/stm32cubeide_1.1.0/stm32cubeide/plugins/com.st.stm32cube.ide.mcu.externaltools.gnu-tools-for-stm32.7-2018-q2-update.win32_1.5.0.202011040924/tools/bin/../lib/gcc/arm-none-eabi/7.3.1/thumb/v7e-m/fpv4-sp/hard/crti.o
                0x0000000008003260                _init
 .init          0x0000000008003264        0x8 c:/st/stm32cubeide_1.1.0/stm32cubeide/plugins/com.st.stm32cube.ide.mcu.externaltools.gnu-tools-for-stm32.7-2018-q2-update.win32_1.5.0.202011040924/tools/bin/../lib/gcc/arm-none-eabi/7.3.1/thumb/v7e-m/fpv4-sp/hard/crtn.o
 *(.fini)
 .fini          0x000000000800326c        0x4 c:/st/stm32cubeide_1.1.0/stm32cubeide/plugins/com.st.stm32cube.ide.mcu.externaltools.gnu-tools-for-stm32.7-2018-q2-update.win32_1.5.0.202011040924/tools/bin/../lib/gcc/arm-none-eabi/7.3.1/thumb/v7e-m/fpv4-sp/hard/crti.o
                0x000000000800326c                _fini
 .fini          0x0000000008003270        0x8 c:/st/stm32cubeide_1.1.0/stm32cubeide/plugins/com.st.stm32cube.ide.mcu.externaltools.gnu-tools-for-stm32.7-2018-q2-update.win32_1.5.0.202011040924/tools/bin/../lib/gcc/arm-none-eabi/7.3.1/thumb/v7e-m/fpv4-sp/hard/crtn.o
                0x0000000008003278                . = ALIGN (0x4)
                0x0000000008003278                _etext = .

.vfp11_veneer   0x0000000008003278        0x0
 .vfp11_veneer  0x0000000008003278        0x0 linker stubs

.v4_bx          0x0000000008003278        0x0
 .v4_bx         0x0000000008003278        0x0 linker stubs

.iplt           0x0000000008003278        0x0
 .iplt          0x0000000008003278        0x0 c:/st/stm32cubeide_1.1.0/stm32cubeide/plugins/com.st.stm32cube.ide.mcu.externaltools.gnu-tools-for-stm32.7-2018-q2-update.win32_1.5.0.202011040924/tools/bin/../lib/gcc/arm-none-eabi/7.3.1/thumb/v7e-m/fpv4-sp/hard/crtbegin.o

.rodata         0x0000000008003278       0x10
                0x0000000008003278                . = ALIGN (0x4)
 *(.rodata)
 *(.rodata*)
 .rodata.AHBPrescTable
                0x0000000008003278       0x10 Core/Src/system_stm32f4xx.o
                0x0000000008003278                AHBPrescTable
                0x0000000008003288                . = ALIGN (0x4)

.ARM.extab      0x0000000008003288        0x0
                0x0000000008003288                . = ALIGN (0x4)
 *(.ARM.extab* .gnu.linkonce.armextab.*)
                0x0000000008003288                . = ALIGN (0x4)

.ARM            0x0000000008003288        0x8
                0x0000000008003288                . = ALIGN (0x4)
                0x0000000008003288                __exidx_start = .
 *(.ARM.exidx*)
 .ARM.exidx     0x0000000008003288        0x8 c:/st/stm32cubeide_1.1.0/stm32cubeide/plugins/com.st.stm32cube.ide.mcu.externaltools.gnu-tools-for-stm32.7-2018-q2-update.win32_1.5.0.202011040924/tools/bin/../lib/gcc/arm-none-eabi/7.3.1/thumb/v7e-m/fpv4-sp/hard\libgcc.a(_udivmoddi4.o)
                0x0000000008003290                __exidx_end = .
                0x0000000008003290                . = ALIGN (0x4)

.rel.dyn        0x0000000008003290        0x0
 .rel.iplt      0x0000000008003290        0x0 c:/st/stm32cubeide_1.1.0/stm32cubeide/plugins/com.st.stm32cube.ide.mcu.externaltools.gnu-tools-for-stm32.7-2018-q2-update.win32_1.5.0.202011040924/tools/bin/../lib/gcc/arm-none-eabi/7.3.1/thumb/v7e-m/fpv4-sp/hard/crtbegin.o

.preinit_array  0x0000000008003290        0x0
                0x0000000008003290                . = ALIGN (0x4)
                0x0000000008003290                PROVIDE (__preinit_array_start = .)
 *(.preinit_array*)
                0x0000000008003290                PROVIDE (__preinit_array_end = .)
                0x0000000008003290                . = ALIGN (0x4)

.init_array     0x0000000008003290        0x4
                0x0000000008003290                . = ALIGN (0x4)
                0x0000000008003290                PROVIDE (__init_array_start = .)
 *(SORT_BY_NAME(.init_array.*))
 *(.init_array*)
 .init_array    0x0000000008003290        0x4 c:/st/stm32cubeide_1.1.0/stm32cubeide/plugins/com.st.stm32cube.ide.mcu.externaltools.gnu-tools-for-stm32.7-2018-q2-update.win32_1.5.0.202011040924/tools/bin/../lib/gcc/arm-none-eabi/7.3.1/thumb/v7e-m/fpv4-sp/hard/crtbegin.o
                0x0000000008003294                PROVIDE (__init_array_end = .)
                0x0000000008003294                . = ALIGN (0x4)

.fini_array     0x0000000008003294        0x4
                0x0000000008003294                . = ALIGN (0x4)
                [!provide]                        PROVIDE (__fini_array_start = .)
 *(SORT_BY_NAME(.fini_array.*))
 *(.fini_array*)
 .fini_array    0x0000000008003294        0x4 c:/st/stm32cubeide_1.1.0/stm32cubeide/plugins/com.st.stm32cube.ide.mcu.externaltools.gnu-tools-for-stm32.7-2018-q2-update.win32_1.5.0.202011040924/tools/bin/../lib/gcc/arm-none-eabi/7.3.1/thumb/v7e-m/fpv4-sp/hard/crtbegin.o
                [!provide]                        PROVIDE (__fini_array_end = .)
                0x0000000008003298                . = ALIGN (0x4)
                0x0000000008003298                _sidata = LOADADDR (.data)

.data           0x0000000020000000        0xc load address 0x0000000008003298
                0x0000000020000000                . = ALIGN (0x4)
                0x0000000020000000                _sdata = .
 *(.data)
 *(.data*)
 .data.SystemCoreClock
                0x0000000020000000        0x4 Core/Src/system_stm32f4xx.o
                0x0000000020000000                SystemCoreClock
 .data.uwTickPrio
                0x0000000020000004        0x4 Drivers/STM32F4xx_HAL_Driver/Src/stm32f4xx_hal.o
                0x0000000020000004                uwTickPrio
 .data.uwTickFreq
                0x0000000020000008        0x1 Drivers/STM32F4xx_HAL_Driver/Src/stm32f4xx_hal.o
                0x0000000020000008                uwTickFreq
 *(.RamFunc)
 *(.RamFunc*)
                0x000000002000000c                . = ALIGN (0x4)
 *fill*         0x0000000020000009        0x3 
                0x000000002000000c                _edata = .

.igot.plt       0x000000002000000c        0x0 load address 0x00000000080032a4
 .igot.plt      0x000000002000000c        0x0 c:/st/stm32cubeide_1.1.0/stm32cubeide/plugins/com.st.stm32cube.ide.mcu.externaltools.gnu-tools-for-stm32.7-2018-q2-update.win32_1.5.0.202011040924/tools/bin/../lib/gcc/arm-none-eabi/7.3.1/thumb/v7e-m/fpv4-sp/hard/crtbegin.o
                0x000000002000000c                . = ALIGN (0x4)

.bss            0x000000002000000c      0x324 load address 0x00000000080032a4
                0x000000002000000c                _sbss = .
                0x000000002000000c                __bss_start__ = _sbss
 *(.bss)
 .bss           0x000000002000000c       0x1c c:/st/stm32cubeide_1.1.0/stm32cubeide/plugins/com.st.stm32cube.ide.mcu.externaltools.gnu-tools-for-stm32.7-2018-q2-update.win32_1.5.0.202011040924/tools/bin/../lib/gcc/arm-none-eabi/7.3.1/thumb/v7e-m/fpv4-sp/hard/crtbegin.o
 *(.bss*)
 *(COMMON)
 COMMON         0x0000000020000028        0x4 Drivers/STM32F4xx_HAL_Driver/Src/stm32f4xx_hal.o
                0x0000000020000028                uwTick
 COMMON         0x000000002000002c      0x304 USB_HOST/Target/usbh_conf.o
                0x000000002000002c                hhcd_USB_OTG_FS
                0x0000000020000330                . = ALIGN (0x4)
                0x0000000020000330                _ebss = .
                0x0000000020000330                __bss_end__ = _ebss

._user_heap_stack
                0x0000000020000330      0x600 load address 0x00000000080032a4
                0x0000000020000330                . = ALIGN (0x8)
                [!provide]                        PROVIDE (end = .)
                0x0000000020000330                PROVIDE (_end = .)
                0x0000000020000530                . = (. + _Min_Heap_Size)
 *fill*         0x0000000020000330      0x200 
                0x0000000020000930                . = (. + _Min_Stack_Size)
 *fill*         0x0000000020000530      0x400 
                0x0000000020000930                . = ALIGN (0x8)

/DISCARD/
 libc.a(*)
 libm.a(*)
 libgcc.a(*)

.ARM.attributes
                0x0000000000000000       0x30
 *(.ARM.attributes)
 .ARM.attributes
                0x0000000000000000       0x22 c:/st/stm32cubeide_1.1.0/stm32cubeide/plugins/com.st.stm32cube.ide.mcu.externaltools.gnu-tools-for-stm32.7-2018-q2-update.win32_1.5.0.202011040924/tools/bin/../lib/gcc/arm-none-eabi/7.3.1/thumb/v7e-m/fpv4-sp/hard/crti.o
 .ARM.attributes
                0x0000000000000022       0x34 c:/st/stm32cubeide_1.1.0/stm32cubeide/plugins/com.st.stm32cube.ide.mcu.externaltools.gnu-tools-for-stm32.7-2018-q2-update.win32_1.5.0.202011040924/tools/bin/../lib/gcc/arm-none-eabi/7.3.1/thumb/v7e-m/fpv4-sp/hard/crtbegin.o
 .ARM.attributes
                0x0000000000000056       0x39 Core/Src/gpio.o
 .ARM.attributes
                0x000000000000008f       0x39 Core/Src/main.o
 .ARM.attributes
                0x00000000000000c8       0x39 Core/Src/stm32f4xx_hal_msp.o
 .ARM.attributes
                0x0000000000000101       0x39 Core/Src/stm32f4xx_it.o
 .ARM.attributes
                0x000000000000013a       0x39 Core/Src/system_stm32f4xx.o
 .ARM.attributes
                0x0000000000000173       0x21 Core/Startup/startup_stm32f411vetx.o
 .ARM.attributes
                0x0000000000000194       0x39 Drivers/STM32F4xx_HAL_Driver/Src/stm32f4xx_hal.o
 .ARM.attributes
                0x00000000000001cd       0x39 Drivers/STM32F4xx_HAL_Driver/Src/stm32f4xx_hal_cortex.o
 .ARM.attributes
                0x0000000000000206       0x39 Drivers/STM32F4xx_HAL_Driver/Src/stm32f4xx_hal_gpio.o
 .ARM.attributes
                0x000000000000023f       0x39 Drivers/STM32F4xx_HAL_Driver/Src/stm32f4xx_hal_hcd.o
 .ARM.attributes
                0x0000000000000278       0x39 Drivers/STM32F4xx_HAL_Driver/Src/stm32f4xx_hal_rcc.o
 .ARM.attributes
                0x00000000000002b1       0x39 Drivers/STM32F4xx_HAL_Driver/Src/stm32f4xx_ll_usb.o
 .ARM.attributes
                0x00000000000002ea       0x39 Middlewares/ST/STM32_USB_Host_Library/Core/Src/usbh_core.o
 .ARM.attributes
                0x0000000000000323       0x39 Middlewares/ST/STM32_USB_Host_Library/Core/Src/usbh_pipes.o
 .ARM.attributes
                0x000000000000035c       0x39 USB_HOST/Target/usbh_conf.o
 .ARM.attributes
                0x0000000000000395       0x34 c:/st/stm32cubeide_1.1.0/stm32cubeide/plugins/com.st.stm32cube.ide.mcu.externaltools.gnu-tools-for-stm32.7-2018-q2-update.win32_1.5.0.202011040924/tools/bin/../lib/gcc/arm-none-eabi/7.3.1/../../../../arm-none-eabi/lib/thumb/v7e-m/fpv4-sp/hard\libc_nano.a(lib_a-init.o)
 .ARM.attributes
                0x00000000000003c9       0x34 c:/st/stm32cubeide_1.1.0/stm32cubeide/plugins/com.st.stm32cube.ide.mcu.externaltools.gnu-tools-for-stm32.7-2018-q2-update.win32_1.5.0.202011040924/tools/bin/../lib/gcc/arm-none-eabi/7.3.1/../../../../arm-none-eabi/lib/thumb/v7e-m/fpv4-sp/hard\libc_nano.a(lib_a-memset.o)
 .ARM.attributes
                0x00000000000003fd       0x22 c:/st/stm32cubeide_1.1.0/stm32cubeide/plugins/com.st.stm32cube.ide.mcu.externaltools.gnu-tools-for-stm32.7-2018-q2-update.win32_1.5.0.202011040924/tools/bin/../lib/gcc/arm-none-eabi/7.3.1/thumb/v7e-m/fpv4-sp/hard\libgcc.a(_aeabi_uldivmod.o)
 .ARM.attributes
                0x000000000000041f       0x34 c:/st/stm32cubeide_1.1.0/stm32cubeide/plugins/com.st.stm32cube.ide.mcu.externaltools.gnu-tools-for-stm32.7-2018-q2-update.win32_1.5.0.202011040924/tools/bin/../lib/gcc/arm-none-eabi/7.3.1/thumb/v7e-m/fpv4-sp/hard\libgcc.a(_udivmoddi4.o)
 .ARM.attributes
                0x0000000000000453       0x22 c:/st/stm32cubeide_1.1.0/stm32cubeide/plugins/com.st.stm32cube.ide.mcu.externaltools.gnu-tools-for-stm32.7-2018-q2-update.win32_1.5.0.202011040924/tools/bin/../lib/gcc/arm-none-eabi/7.3.1/thumb/v7e-m/fpv4-sp/hard\libgcc.a(_dvmd_tls.o)
 .ARM.attributes
                0x0000000000000475       0x22 c:/st/stm32cubeide_1.1.0/stm32cubeide/plugins/com.st.stm32cube.ide.mcu.externaltools.gnu-tools-for-stm32.7-2018-q2-update.win32_1.5.0.202011040924/tools/bin/../lib/gcc/arm-none-eabi/7.3.1/thumb/v7e-m/fpv4-sp/hard/crtn.o
OUTPUT(STM_music.elf elf32-littlearm)

.debug_info     0x0000000000000000     0xc033
 .debug_info    0x0000000000000000      0x52a Core/Src/gpio.o
 .debug_info    0x000000000000052a      0xfc0 Core/Src/main.o
 .debug_info    0x00000000000014ea      0x38c Core/Src/stm32f4xx_hal_msp.o
 .debug_info    0x0000000000001876      0x6c0 Core/Src/stm32f4xx_it.o
 .debug_info    0x0000000000001f36      0x57e Core/Src/system_stm32f4xx.o
 .debug_info    0x00000000000024b4       0x22 Core/Startup/startup_stm32f411vetx.o
 .debug_info    0x00000000000024d6      0x8d4 Drivers/STM32F4xx_HAL_Driver/Src/stm32f4xx_hal.o
 .debug_info    0x0000000000002daa      0xd98 Drivers/STM32F4xx_HAL_Driver/Src/stm32f4xx_hal_cortex.o
 .debug_info    0x0000000000003b42      0x7e6 Drivers/STM32F4xx_HAL_Driver/Src/stm32f4xx_hal_gpio.o
 .debug_info    0x0000000000004328      0xe89 Drivers/STM32F4xx_HAL_Driver/Src/stm32f4xx_hal_hcd.o
 .debug_info    0x00000000000051b1      0x929 Drivers/STM32F4xx_HAL_Driver/Src/stm32f4xx_hal_rcc.o
 .debug_info    0x0000000000005ada     0x19c4 Drivers/STM32F4xx_HAL_Driver/Src/stm32f4xx_ll_usb.o
 .debug_info    0x000000000000749e     0x16be Middlewares/ST/STM32_USB_Host_Library/Core/Src/usbh_core.o
 .debug_info    0x0000000000008b5c     0x1329 Middlewares/ST/STM32_USB_Host_Library/Core/Src/usbh_pipes.o
 .debug_info    0x0000000000009e85     0x21ae USB_HOST/Target/usbh_conf.o

.debug_abbrev   0x0000000000000000     0x1d82
 .debug_abbrev  0x0000000000000000      0x134 Core/Src/gpio.o
 .debug_abbrev  0x0000000000000134      0x1b7 Core/Src/main.o
 .debug_abbrev  0x00000000000002eb      0x109 Core/Src/stm32f4xx_hal_msp.o
 .debug_abbrev  0x00000000000003f4      0x164 Core/Src/stm32f4xx_it.o
 .debug_abbrev  0x0000000000000558      0x12b Core/Src/system_stm32f4xx.o
 .debug_abbrev  0x0000000000000683       0x12 Core/Startup/startup_stm32f411vetx.o
 .debug_abbrev  0x0000000000000695      0x1f2 Drivers/STM32F4xx_HAL_Driver/Src/stm32f4xx_hal.o
 .debug_abbrev  0x0000000000000887      0x2fa Drivers/STM32F4xx_HAL_Driver/Src/stm32f4xx_hal_cortex.o
 .debug_abbrev  0x0000000000000b81      0x1c9 Drivers/STM32F4xx_HAL_Driver/Src/stm32f4xx_hal_gpio.o
 .debug_abbrev  0x0000000000000d4a      0x255 Drivers/STM32F4xx_HAL_Driver/Src/stm32f4xx_hal_hcd.o
 .debug_abbrev  0x0000000000000f9f      0x245 Drivers/STM32F4xx_HAL_Driver/Src/stm32f4xx_hal_rcc.o
 .debug_abbrev  0x00000000000011e4      0x26d Drivers/STM32F4xx_HAL_Driver/Src/stm32f4xx_ll_usb.o
 .debug_abbrev  0x0000000000001451      0x337 Middlewares/ST/STM32_USB_Host_Library/Core/Src/usbh_core.o
 .debug_abbrev  0x0000000000001788      0x2b1 Middlewares/ST/STM32_USB_Host_Library/Core/Src/usbh_pipes.o
 .debug_abbrev  0x0000000000001a39      0x349 USB_HOST/Target/usbh_conf.o

.debug_aranges  0x0000000000000000      0x888
 .debug_aranges
                0x0000000000000000       0x20 Core/Src/gpio.o
 .debug_aranges
                0x0000000000000020       0x38 Core/Src/main.o
 .debug_aranges
                0x0000000000000058       0x20 Core/Src/stm32f4xx_hal_msp.o
 .debug_aranges
                0x0000000000000078       0x68 Core/Src/stm32f4xx_it.o
 .debug_aranges
                0x00000000000000e0       0x28 Core/Src/system_stm32f4xx.o
 .debug_aranges
                0x0000000000000108       0x28 Core/Startup/startup_stm32f411vetx.o
 .debug_aranges
                0x0000000000000130       0xf0 Drivers/STM32F4xx_HAL_Driver/Src/stm32f4xx_hal.o
 .debug_aranges
                0x0000000000000220      0x118 Drivers/STM32F4xx_HAL_Driver/Src/stm32f4xx_hal_cortex.o
 .debug_aranges
                0x0000000000000338       0x58 Drivers/STM32F4xx_HAL_Driver/Src/stm32f4xx_hal_gpio.o
 .debug_aranges
                0x0000000000000390       0xf8 Drivers/STM32F4xx_HAL_Driver/Src/stm32f4xx_hal_hcd.o
 .debug_aranges
                0x0000000000000488       0x88 Drivers/STM32F4xx_HAL_Driver/Src/stm32f4xx_hal_rcc.o
 .debug_aranges
                0x0000000000000510      0x1a0 Drivers/STM32F4xx_HAL_Driver/Src/stm32f4xx_ll_usb.o
 .debug_aranges
                0x00000000000006b0       0xc0 Middlewares/ST/STM32_USB_Host_Library/Core/Src/usbh_core.o
 .debug_aranges
                0x0000000000000770       0x40 Middlewares/ST/STM32_USB_Host_Library/Core/Src/usbh_pipes.o
 .debug_aranges
                0x00000000000007b0       0xd8 USB_HOST/Target/usbh_conf.o

.debug_ranges   0x0000000000000000      0x7a0
 .debug_ranges  0x0000000000000000       0x10 Core/Src/gpio.o
 .debug_ranges  0x0000000000000010       0x28 Core/Src/main.o
 .debug_ranges  0x0000000000000038       0x10 Core/Src/stm32f4xx_hal_msp.o
 .debug_ranges  0x0000000000000048       0x58 Core/Src/stm32f4xx_it.o
 .debug_ranges  0x00000000000000a0       0x18 Core/Src/system_stm32f4xx.o
 .debug_ranges  0x00000000000000b8       0x20 Core/Startup/startup_stm32f411vetx.o
 .debug_ranges  0x00000000000000d8       0xe0 Drivers/STM32F4xx_HAL_Driver/Src/stm32f4xx_hal.o
 .debug_ranges  0x00000000000001b8      0x108 Drivers/STM32F4xx_HAL_Driver/Src/stm32f4xx_hal_cortex.o
 .debug_ranges  0x00000000000002c0       0x48 Drivers/STM32F4xx_HAL_Driver/Src/stm32f4xx_hal_gpio.o
 .debug_ranges  0x0000000000000308       0xe8 Drivers/STM32F4xx_HAL_Driver/Src/stm32f4xx_hal_hcd.o
 .debug_ranges  0x00000000000003f0       0x78 Drivers/STM32F4xx_HAL_Driver/Src/stm32f4xx_hal_rcc.o
 .debug_ranges  0x0000000000000468      0x190 Drivers/STM32F4xx_HAL_Driver/Src/stm32f4xx_ll_usb.o
 .debug_ranges  0x00000000000005f8       0xb0 Middlewares/ST/STM32_USB_Host_Library/Core/Src/usbh_core.o
 .debug_ranges  0x00000000000006a8       0x30 Middlewares/ST/STM32_USB_Host_Library/Core/Src/usbh_pipes.o
 .debug_ranges  0x00000000000006d8       0xc8 USB_HOST/Target/usbh_conf.o

.debug_macro    0x0000000000000000    0x163c7
 .debug_macro   0x0000000000000000      0x21e Core/Src/gpio.o
 .debug_macro   0x000000000000021e      0xa5a Core/Src/gpio.o
 .debug_macro   0x0000000000000c78      0x2a7 Core/Src/gpio.o
 .debug_macro   0x0000000000000f1f       0x2e Core/Src/gpio.o
 .debug_macro   0x0000000000000f4d       0x28 Core/Src/gpio.o
 .debug_macro   0x0000000000000f75       0x22 Core/Src/gpio.o
 .debug_macro   0x0000000000000f97       0x8e Core/Src/gpio.o
 .debug_macro   0x0000000000001025       0x51 Core/Src/gpio.o
 .debug_macro   0x0000000000001076       0xef Core/Src/gpio.o
 .debug_macro   0x0000000000001165       0x6a Core/Src/gpio.o
 .debug_macro   0x00000000000011cf      0x1df Core/Src/gpio.o
 .debug_macro   0x00000000000013ae       0x1c Core/Src/gpio.o
 .debug_macro   0x00000000000013ca       0x22 Core/Src/gpio.o
 .debug_macro   0x00000000000013ec       0xdf Core/Src/gpio.o
 .debug_macro   0x00000000000014cb     0x102d Core/Src/gpio.o
 .debug_macro   0x00000000000024f8      0x11f Core/Src/gpio.o
 .debug_macro   0x0000000000002617     0xb953 Core/Src/gpio.o
 .debug_macro   0x000000000000df6a       0x6d Core/Src/gpio.o
 .debug_macro   0x000000000000dfd7     0x367e Core/Src/gpio.o
 .debug_macro   0x0000000000011655      0x174 Core/Src/gpio.o
 .debug_macro   0x00000000000117c9       0x5c Core/Src/gpio.o
 .debug_macro   0x0000000000011825      0x447 Core/Src/gpio.o
 .debug_macro   0x0000000000011c6c      0x9fe Core/Src/gpio.o
 .debug_macro   0x000000000001266a      0x115 Core/Src/gpio.o
 .debug_macro   0x000000000001277f      0x11b Core/Src/gpio.o
 .debug_macro   0x000000000001289a       0xa5 Core/Src/gpio.o
 .debug_macro   0x000000000001293f      0x15f Core/Src/gpio.o
 .debug_macro   0x0000000000012a9e      0x287 Core/Src/gpio.o
 .debug_macro   0x0000000000012d25       0x5f Core/Src/gpio.o
 .debug_macro   0x0000000000012d84      0x236 Core/Src/gpio.o
 .debug_macro   0x0000000000012fba      0x132 Core/Src/gpio.o
 .debug_macro   0x00000000000130ec      0x264 Core/Src/gpio.o
 .debug_macro   0x0000000000013350       0x2e Core/Src/gpio.o
 .debug_macro   0x000000000001337e      0x1b5 Core/Src/gpio.o
 .debug_macro   0x0000000000013533       0x22 Core/Src/gpio.o
 .debug_macro   0x0000000000013555       0xd6 Core/Src/gpio.o
 .debug_macro   0x000000000001362b      0x1a7 Core/Src/gpio.o
 .debug_macro   0x00000000000137d2       0x46 Core/Src/gpio.o
 .debug_macro   0x0000000000013818       0x4a Core/Src/gpio.o
 .debug_macro   0x0000000000013862      0x11a Core/Src/gpio.o
 .debug_macro   0x000000000001397c       0x85 Core/Src/gpio.o
 .debug_macro   0x0000000000013a01       0x89 Core/Src/gpio.o
 .debug_macro   0x0000000000013a8a      0x225 Core/Src/gpio.o
 .debug_macro   0x0000000000013caf      0x248 Core/Src/gpio.o
 .debug_macro   0x0000000000013ef7       0x7c Core/Src/gpio.o
 .debug_macro   0x0000000000013f73      0x126 Core/Src/gpio.o
 .debug_macro   0x0000000000014099      0x19c Core/Src/gpio.o
 .debug_macro   0x0000000000014235      0x24a Core/Src/main.o
 .debug_macro   0x000000000001447f      0x214 Core/Src/stm32f4xx_hal_msp.o
 .debug_macro   0x0000000000014693      0x21e Core/Src/stm32f4xx_it.o
 .debug_macro   0x00000000000148b1      0x205 Core/Src/system_stm32f4xx.o
 .debug_macro   0x0000000000014ab6      0x265 Drivers/STM32F4xx_HAL_Driver/Src/stm32f4xx_hal.o
 .debug_macro   0x0000000000014d1b      0x205 Drivers/STM32F4xx_HAL_Driver/Src/stm32f4xx_hal_cortex.o
 .debug_macro   0x0000000000014f20      0x20b Drivers/STM32F4xx_HAL_Driver/Src/stm32f4xx_hal_gpio.o
 .debug_macro   0x000000000001512b      0x205 Drivers/STM32F4xx_HAL_Driver/Src/stm32f4xx_hal_hcd.o
 .debug_macro   0x0000000000015330      0x229 Drivers/STM32F4xx_HAL_Driver/Src/stm32f4xx_hal_rcc.o
 .debug_macro   0x0000000000015559      0x205 Drivers/STM32F4xx_HAL_Driver/Src/stm32f4xx_ll_usb.o
 .debug_macro   0x000000000001575e      0x427 Middlewares/ST/STM32_USB_Host_Library/Core/Src/usbh_core.o
 .debug_macro   0x0000000000015b85      0x419 Middlewares/ST/STM32_USB_Host_Library/Core/Src/usbh_pipes.o
 .debug_macro   0x0000000000015f9e      0x429 USB_HOST/Target/usbh_conf.o

.debug_line     0x0000000000000000     0x8a94
 .debug_line    0x0000000000000000      0x741 Core/Src/gpio.o
 .debug_line    0x0000000000000741      0x7c3 Core/Src/main.o
 .debug_line    0x0000000000000f04      0x71e Core/Src/stm32f4xx_hal_msp.o
 .debug_line    0x0000000000001622      0x7d8 Core/Src/stm32f4xx_it.o
 .debug_line    0x0000000000001dfa      0x738 Core/Src/system_stm32f4xx.o
 .debug_line    0x0000000000002532       0x88 Core/Startup/startup_stm32f411vetx.o
 .debug_line    0x00000000000025ba      0x923 Drivers/STM32F4xx_HAL_Driver/Src/stm32f4xx_hal.o
 .debug_line    0x0000000000002edd      0xa47 Drivers/STM32F4xx_HAL_Driver/Src/stm32f4xx_hal_cortex.o
 .debug_line    0x0000000000003924      0x8b4 Drivers/STM32F4xx_HAL_Driver/Src/stm32f4xx_hal_gpio.o
 .debug_line    0x00000000000041d8      0xbe1 Drivers/STM32F4xx_HAL_Driver/Src/stm32f4xx_hal_hcd.o
 .debug_line    0x0000000000004db9      0x97f Drivers/STM32F4xx_HAL_Driver/Src/stm32f4xx_hal_rcc.o
 .debug_line    0x0000000000005738      0xf25 Drivers/STM32F4xx_HAL_Driver/Src/stm32f4xx_ll_usb.o
 .debug_line    0x000000000000665d      0xdcd Middlewares/ST/STM32_USB_Host_Library/Core/Src/usbh_core.o
 .debug_line    0x000000000000742a      0xa68 Middlewares/ST/STM32_USB_Host_Library/Core/Src/usbh_pipes.o
 .debug_line    0x0000000000007e92      0xc02 USB_HOST/Target/usbh_conf.o

.debug_str      0x0000000000000000    0x8bf72
 .debug_str     0x0000000000000000    0x835ea Core/Src/gpio.o
                                      0x83899 (size before relaxing)
 .debug_str     0x00000000000835ea      0x9f5 Core/Src/main.o
                                      0x84290 (size before relaxing)
 .debug_str     0x0000000000083fdf       0x2c Core/Src/stm32f4xx_hal_msp.o
                                      0x837fc (size before relaxing)
 .debug_str     0x000000000008400b      0x43d Core/Src/stm32f4xx_it.o
                                      0x83ba9 (size before relaxing)
 .debug_str     0x0000000000084448       0xaf Core/Src/system_stm32f4xx.o
                                      0x831d2 (size before relaxing)
 .debug_str     0x00000000000844f7       0x36 Core/Startup/startup_stm32f411vetx.o
                                         0x4f (size before relaxing)
 .debug_str     0x000000000008452d      0x919 Drivers/STM32F4xx_HAL_Driver/Src/stm32f4xx_hal.o
                                      0x83b5c (size before relaxing)
 .debug_str     0x0000000000084e46      0x392 Drivers/STM32F4xx_HAL_Driver/Src/stm32f4xx_hal_cortex.o
                                      0x83939 (size before relaxing)
 .debug_str     0x00000000000851d8      0x15f Drivers/STM32F4xx_HAL_Driver/Src/stm32f4xx_hal_gpio.o
                                      0x83379 (size before relaxing)
 .debug_str     0x0000000000085337      0x407 Drivers/STM32F4xx_HAL_Driver/Src/stm32f4xx_hal_hcd.o
                                      0x83871 (size before relaxing)
 .debug_str     0x000000000008573e      0x259 Drivers/STM32F4xx_HAL_Driver/Src/stm32f4xx_hal_rcc.o
                                      0x835d4 (size before relaxing)
 .debug_str     0x0000000000085997      0x678 Drivers/STM32F4xx_HAL_Driver/Src/stm32f4xx_ll_usb.o
                                      0x83b0c (size before relaxing)
 .debug_str     0x000000000008600f     0x5cce Middlewares/ST/STM32_USB_Host_Library/Core/Src/usbh_core.o
                                      0x894b6 (size before relaxing)
 .debug_str     0x000000000008bcdd       0xa0 Middlewares/ST/STM32_USB_Host_Library/Core/Src/usbh_pipes.o
                                      0x892da (size before relaxing)
 .debug_str     0x000000000008bd7d      0x1f5 USB_HOST/Target/usbh_conf.o
                                      0x89ece (size before relaxing)

.comment        0x0000000000000000       0x7b
 .comment       0x0000000000000000       0x7b Core/Src/gpio.o
                                         0x7c (size before relaxing)
 .comment       0x000000000000007b       0x7c Core/Src/main.o
 .comment       0x000000000000007b       0x7c Core/Src/stm32f4xx_hal_msp.o
 .comment       0x000000000000007b       0x7c Core/Src/stm32f4xx_it.o
 .comment       0x000000000000007b       0x7c Core/Src/system_stm32f4xx.o
 .comment       0x000000000000007b       0x7c Drivers/STM32F4xx_HAL_Driver/Src/stm32f4xx_hal.o
 .comment       0x000000000000007b       0x7c Drivers/STM32F4xx_HAL_Driver/Src/stm32f4xx_hal_cortex.o
 .comment       0x000000000000007b       0x7c Drivers/STM32F4xx_HAL_Driver/Src/stm32f4xx_hal_gpio.o
 .comment       0x000000000000007b       0x7c Drivers/STM32F4xx_HAL_Driver/Src/stm32f4xx_hal_hcd.o
 .comment       0x000000000000007b       0x7c Drivers/STM32F4xx_HAL_Driver/Src/stm32f4xx_hal_rcc.o
 .comment       0x000000000000007b       0x7c Drivers/STM32F4xx_HAL_Driver/Src/stm32f4xx_ll_usb.o
 .comment       0x000000000000007b       0x7c Middlewares/ST/STM32_USB_Host_Library/Core/Src/usbh_core.o
 .comment       0x000000000000007b       0x7c Middlewares/ST/STM32_USB_Host_Library/Core/Src/usbh_pipes.o
 .comment       0x000000000000007b       0x7c USB_HOST/Target/usbh_conf.o

.debug_frame    0x0000000000000000     0x21fc
 .debug_frame   0x0000000000000000       0x34 Core/Src/gpio.o
 .debug_frame   0x0000000000000034       0x8c Core/Src/main.o
 .debug_frame   0x00000000000000c0       0x34 Core/Src/stm32f4xx_hal_msp.o
 .debug_frame   0x00000000000000f4      0x120 Core/Src/stm32f4xx_it.o
 .debug_frame   0x0000000000000214       0x58 Core/Src/system_stm32f4xx.o
 .debug_frame   0x000000000000026c      0x374 Drivers/STM32F4xx_HAL_Driver/Src/stm32f4xx_hal.o
 .debug_frame   0x00000000000005e0      0x498 Drivers/STM32F4xx_HAL_Driver/Src/stm32f4xx_hal_cortex.o
 .debug_frame   0x0000000000000a78      0x14c Drivers/STM32F4xx_HAL_Driver/Src/stm32f4xx_hal_gpio.o
 .debug_frame   0x0000000000000bc4      0x450 Drivers/STM32F4xx_HAL_Driver/Src/stm32f4xx_hal_hcd.o
 .debug_frame   0x0000000000001014      0x1f0 Drivers/STM32F4xx_HAL_Driver/Src/stm32f4xx_hal_rcc.o
 .debug_frame   0x0000000000001204      0x7c0 Drivers/STM32F4xx_HAL_Driver/Src/stm32f4xx_ll_usb.o
 .debug_frame   0x00000000000019c4      0x338 Middlewares/ST/STM32_USB_Host_Library/Core/Src/usbh_core.o
 .debug_frame   0x0000000000001cfc       0xcc Middlewares/ST/STM32_USB_Host_Library/Core/Src/usbh_pipes.o
 .debug_frame   0x0000000000001dc8      0x388 USB_HOST/Target/usbh_conf.o
 .debug_frame   0x0000000000002150       0x2c c:/st/stm32cubeide_1.1.0/stm32cubeide/plugins/com.st.stm32cube.ide.mcu.externaltools.gnu-tools-for-stm32.7-2018-q2-update.win32_1.5.0.202011040924/tools/bin/../lib/gcc/arm-none-eabi/7.3.1/../../../../arm-none-eabi/lib/thumb/v7e-m/fpv4-sp/hard\libc_nano.a(lib_a-init.o)
 .debug_frame   0x000000000000217c       0x20 c:/st/stm32cubeide_1.1.0/stm32cubeide/plugins/com.st.stm32cube.ide.mcu.externaltools.gnu-tools-for-stm32.7-2018-q2-update.win32_1.5.0.202011040924/tools/bin/../lib/gcc/arm-none-eabi/7.3.1/../../../../arm-none-eabi/lib/thumb/v7e-m/fpv4-sp/hard\libc_nano.a(lib_a-memset.o)
 .debug_frame   0x000000000000219c       0x2c c:/st/stm32cubeide_1.1.0/stm32cubeide/plugins/com.st.stm32cube.ide.mcu.externaltools.gnu-tools-for-stm32.7-2018-q2-update.win32_1.5.0.202011040924/tools/bin/../lib/gcc/arm-none-eabi/7.3.1/thumb/v7e-m/fpv4-sp/hard\libgcc.a(_aeabi_uldivmod.o)
 .debug_frame   0x00000000000021c8       0x34 c:/st/stm32cubeide_1.1.0/stm32cubeide/plugins/com.st.stm32cube.ide.mcu.externaltools.gnu-tools-for-stm32.7-2018-q2-update.win32_1.5.0.202011040924/tools/bin/../lib/gcc/arm-none-eabi/7.3.1/thumb/v7e-m/fpv4-sp/hard\libgcc.a(_udivmoddi4.o)
